// Jest Snapshot v1, https://goo.gl/fbAQLP

exports[`is equal to the snapshot 1`] = `
<p>
  Retrieving match data...
</p>
`;
